// Jest Snapshot v1, https://goo.gl/fbAQLP

exports[`snapshot is consistent 1`] = `
<DocumentFragment>
  <li
    class="list-group-item"
  >
    <div
      class="row"
    >
      <form
        class="col-10"
        data-testid="form"
      >
        <input
          class="todo-input"
          value=""
        />
      </form>
      <div
        class="col-2"
      >
        <i
          class="far fa-check-circle fa-lg"
          data-testid="delete"
        />
      </div>
    </div>
  </li>
</DocumentFragment>
`;
